#-----------------------------------------------------------
# Vivado v2018.2 (64-bit)
# SW Build 2258646 on Thu Jun 14 20:03:12 MDT 2018
# IP Build 2256618 on Thu Jun 14 22:10:49 MDT 2018
# Start of session at: Wed Aug 14 21:14:01 2019
# Process ID: 5312
# Current directory: C:/Docs/gyro_tester_gold/gyro_tester_gold/gyro_tester_gold
# Command line: vivado.exe -gui_launcher_event rodinguilauncherevent5416 C:\Docs\gyro_tester_gold\gyro_tester_gold\gyro_tester_gold\gyro_tester_gold.xpr
# Log file: C:/Docs/gyro_tester_gold/gyro_tester_gold/gyro_tester_gold/vivado.log
# Journal file: C:/Docs/gyro_tester_gold/gyro_tester_gold/gyro_tester_gold\vivado.jou
#-----------------------------------------------------------
start_gui
open_project C:/Docs/gyro_tester_gold/gyro_tester_gold/gyro_tester_gold/gyro_tester_gold.xpr
update_compile_order -fileset sources_1
close_project
open_project C:/Docs/gyro_tester_zedboard_code/gyro_tester.xpr
update_compile_order -fileset sources_1
open_bd_design {C:/Docs/gyro_tester_zedboard_code/gyro_tester.srcs/sources_1/bd/design_2/design_2.bd}
close_project
open_project C:/Docs/gyro_tester_gold/gyro_tester_gold/gyro_tester_gold/gyro_tester_gold.xpr
update_compile_order -fileset sources_1
open_bd_design {C:/Docs/gyro_tester_gold/gyro_tester_gold/gyro_tester_gold/gyro_tester_gold.srcs/sources_1/bd/design_2/design_2.bd}
set_property CONFIG.ADDR_WIDTH 11 [get_bd_cells /axis_stream_txfifo_0]
ipx::edit_ip_in_project -upgrade true -name axis_stream_txfifo_v2_0_project -directory C:/Docs/gyro_tester_gold/gyro_tester_gold/gyro_tester_gold/gyro_tester_gold.tmp/axis_stream_txfifo_v2_0_project c:/Docs/gyro_tester_gold/ip_repo/axis_stream_txfifo_2.0/component.xml
update_compile_order -fileset sources_1
current_project gyro_tester_gold
save_bd_design
reset_run synth_2
launch_runs impl_4 -to_step write_bitstream -jobs 2
wait_on_run impl_4
file copy -force C:/Docs/gyro_tester_gold/gyro_tester_gold/gyro_tester_gold/gyro_tester_gold.runs/impl_4/design_2_wrapper.sysdef C:/Docs/gyro_tester_gold/gyro_tester_gold/gyro_tester_gold/gyro_tester_gold.sdk/design_2_wrapper.hdf

set_property CONFIG.ADDR_WIDTH 12 [get_bd_cells /axis_stream_txfifo_0]
save_bd_design
reset_run synth_2
reset_run design_2_axis_stream_txfifo_0_2_synth_1
launch_runs impl_4 -to_step write_bitstream -jobs 2
wait_on_run impl_4
set_property CONFIG.ADDR_WIDTH 11 [get_bd_cells /axis_stream_txfifo_0]
save_bd_design
reset_run synth_2
reset_run design_2_axis_stream_txfifo_0_2_synth_1
launch_runs impl_4 -to_step write_bitstream -jobs 2
wait_on_run impl_4
current_project axis_stream_txfifo_v2_0_project
close_project
