Nothing to build in platform 'gyro2ptfmPrj'

21:37:12 **** Clean-only build of configuration Debug for project gyro2appPrj ****
make clean 
rm -rf  ./src/helloworld.o ./src/platform.o  ./src/helloworld.d ./src/platform.d  gyro2appPrj.elf.size  gyro2appPrj.elf
' '
21:37:13 **** Incremental Build of configuration Debug for project gyro2appPrj ****
make all 
make --no-print-directory pre-build
a9-linaro-pre-build-step
' '
make --no-print-directory main-build
'Building file: ../src/main.c'
'Invoking: ARM v7 gcc compiler'
arm-none-eabi-gcc -Wall -O0 -g3 -c -fmessage-length=0 -MT"src/main.o" -mcpu=cortex-a9 -mfpu=vfpv3 -mfloat-abi=hard -IC:/fromCharles/gyro_tester_gold/vitis/gyro2ptfmPrj/export/gyro2ptfmPrj/sw/gyro2ptfmPrj/standalone_domain/bspinclude/include -MMD -MP -MF"src/main.d" -MT"src/main.o" -o "src/main.o" "../src/main.c"
In file included from ../src/main.c:8:
C:/fromCharles/gyro_tester_gold/vitis/gyro2ptfmPrj/export/gyro2ptfmPrj/sw/gyro2ptfmPrj/standalone_domain/bspinclude/include/xbasic_types.h:102:2: warning: #warning The xbasics_type.h file is deprecated and users should use xil_types.h and xil_assert. [-Wcpp]
  102 | #warning  The xbasics_type.h file is deprecated and users should use xil_types.h and xil_assert.
      |  ^~~~~~~
C:/fromCharles/gyro_tester_gold/vitis/gyro2ptfmPrj/export/gyro2ptfmPrj/sw/gyro2ptfmPrj/standalone_domain/bspinclude/include/xbasic_types.h:103:2: warning: #warning Please refer the Standalone BSP UG647 for further details [-Wcpp]
  103 | #warning  Please refer the Standalone BSP UG647 for further details
      |  ^~~~~~~
../src/main.c:239:2: warning: #warning CHECK FOR THE VALID DDR ADDRESS IN XPARAMETERS.H, DEFAULT SET TO 0x01000000 [-Wcpp]
  239 | #warning CHECK FOR THE VALID DDR ADDRESS IN XPARAMETERS.H, \
      |  ^~~~~~~
In file included from ../src/main.c:6:
C:/fromCharles/gyro_tester_gold/vitis/gyro2ptfmPrj/export/gyro2ptfmPrj/sw/gyro2ptfmPrj/standalone_domain/bspinclude/include/xparameters.h:213:40: warning: initialization of 'Xuint32 *' {aka 'long unsigned int *'} from 'int' makes pointer from integer without a cast [-Wint-conversion]
  213 | #define XPAR_SPI_IP_0_S00_AXI_BASEADDR 0x43C10000
      |                                        ^~~~~~~~~~
../src/main.c:319:26: note: in expansion of macro 'XPAR_SPI_IP_0_S00_AXI_BASEADDR'
  319 | Xuint32* debugWordAddr = XPAR_SPI_IP_0_S00_AXI_BASEADDR; //change this depending on where you want to write
      |                          ^~~~~~~~~~~~~~~~~~~~~~~~~~~~~~
../src/main.c:354:27: warning: initialization of 'u32 *' {aka 'long unsigned int *'} from 'int' makes pointer from integer without a cast [-Wint-conversion]
  354 | u32*   debugBaseAddress = 0x43C40000;
      |                           ^~~~~~~~~~
../src/main.c: In function 'receivePacketButton':
../src/main.c:2263:6: warning: variable 'gyroChannelStatus' set but not used [-Wunused-but-set-variable]
 2263 |  u32 gyroChannelStatus = 0;
      |      ^~~~~~~~~~~~~~~~~
../src/main.c: In function 'captureAdcDataUntilNew':
../src/main.c:2414:16: warning: unused variable 'num_nops' [-Wunused-variable]
 2414 |   unsigned int num_nops;
      |                ^~~~~~~~
../src/main.c:2413:7: warning: unused variable 'num_shifts' [-Wunused-variable]
 2413 |   u32 num_shifts = 0;
      |       ^~~~~~~~~~
../src/main.c: In function 'read_test_ADC_result':
../src/main.c:3702:15: warning: unused variable 'firstCalRegisterAddress' [-Wunused-variable]
 3702 |  unsigned int firstCalRegisterAddress = 32;
      |               ^~~~~~~~~~~~~~~~~~~~~~~
../src/main.c: In function 'fill_testADC_results_array':
../src/main.c:3728:5: warning: unused variable 'firstSetup' [-Wunused-variable]
 3728 |  u8 firstSetup = 1;
      |     ^~~~~~~~~~
At top level:
../src/main.c:3865:6: warning: 'send_Tx_data_over_UART' defined but not used [-Wunused-function]
 3865 | void send_Tx_data_over_UART(unsigned int num_points_to_send)
      |      ^~~~~~~~~~~~~~~~~~~~~~
../src/main.c:3845:6: warning: 'load_sawtooth_down_data' defined but not used [-Wunused-function]
 3845 | void load_sawtooth_down_data(void)
      |      ^~~~~~~~~~~~~~~~~~~~~~~
../src/main.c:3822:6: warning: 'load_sawtooth_up_data' defined but not used [-Wunused-function]
 3822 | void load_sawtooth_up_data(void)
      |      ^~~~~~~~~~~~~~~~~~~~~
../src/main.c:2389:6: warning: 'storeTxFpgaSpaceInArray' defined but not used [-Wunused-function]
 2389 | void storeTxFpgaSpaceInArray(void)
      |      ^~~~~~~~~~~~~~~~~~~~~~~
../src/main.c:1839:6: warning: 'SaveAdcCaptureData' defined but not used [-Wunused-function]
 1839 | void SaveAdcCaptureData(void)
      |      ^~~~~~~~~~~~~~~~~~
../src/main.c:1616:6: warning: 'changeTxBuffer' defined but not used [-Wunused-function]
 1616 | void changeTxBuffer(void){
      |      ^~~~~~~~~~~~~~
../src/main.c:1451:13: warning: 'fillFpgaTxBuffer' defined but not used [-Wunused-function]
 1451 | static void fillFpgaTxBuffer(u8 *TxBuffer)
      |             ^~~~~~~~~~~~~~~~
../src/main.c:1193:12: warning: 'closeDMADevice' defined but not used [-Wunused-function]
 1193 | static int closeDMADevice(){
      |            ^~~~~~~~~~~~~~
../src/main.c:849:6: warning: 'setSPIControl' defined but not used [-Wunused-function]
  849 | void setSPIControl(Xuint32 v){
      |      ^~~~~~~~~~~~~
../src/main.c:822:5: warning: 'initSPI' defined but not used [-Wunused-function]
  822 | int initSPI(){
      |     ^~~~~~~
../src/main.c:756:5: warning: 'readGyroTxFIFODebugData' defined but not used [-Wunused-function]
  756 | int readGyroTxFIFODebugData(){
      |     ^~~~~~~~~~~~~~~~~~~~~~~
../src/main.c:687:5: warning: 'readGyroChannelDebugData' defined but not used [-Wunused-function]
  687 | int readGyroChannelDebugData(){
      |     ^~~~~~~~~~~~~~~~~~~~~~~~
../src/main.c:561:6: warning: 'readGyroChannelStatus' defined but not used [-Wunused-function]
  561 | void readGyroChannelStatus(){
      |      ^~~~~~~~~~~~~~~~~~~~~
../src/main.c:298:16: warning: 'intc' defined but not used [-Wunused-variable]
  298 | static XScuGic intc;
      |                ^~~~
'Finished building: ../src/main.c'
' '
'Building file: ../src/platform.c'
'Invoking: ARM v7 gcc compiler'
arm-none-eabi-gcc -Wall -O0 -g3 -c -fmessage-length=0 -MT"src/platform.o" -mcpu=cortex-a9 -mfpu=vfpv3 -mfloat-abi=hard -IC:/fromCharles/gyro_tester_gold/vitis/gyro2ptfmPrj/export/gyro2ptfmPrj/sw/gyro2ptfmPrj/standalone_domain/bspinclude/include -MMD -MP -MF"src/platform.d" -MT"src/platform.o" -o "src/platform.o" "../src/platform.c"
'Finished building: ../src/platform.c'
' '
'Building target: gyro2appPrj.elf'
'Invoking: ARM v7 gcc linker'
arm-none-eabi-gcc -mcpu=cortex-a9 -mfpu=vfpv3 -mfloat-abi=hard -Wl,-build-id=none -specs=Xilinx.spec -Wl,-T -Wl,../src/lscript.ld -LC:/fromCharles/gyro_tester_gold/vitis/gyro2ptfmPrj/export/gyro2ptfmPrj/sw/gyro2ptfmPrj/standalone_domain/bsplib/lib -o "gyro2appPrj.elf"  ./src/main.o ./src/platform.o   -Wl,--start-group,-lxil,-lgcc,-lc,--end-group
'Finished building target: gyro2appPrj.elf'
' '
'Invoking: ARM v7 Print Size'
arm-none-eabi-size gyro2appPrj.elf  |tee "gyro2appPrj.elf.size"
   text	   data	    bss	    dec	    hex	filename
  76712	   3176	 108888	 188776	  2e168	gyro2appPrj.elf
'Finished building: gyro2appPrj.elf.size'
' '
21:37:13 **** Incremental Build of configuration Debug for project gyro2appPrj_system ****
make all 
Generating bif file for the system project
generate_system_bif.bat 2091 C:/fromCharles/gyro_tester_gold/vitis/gyro2ptfmPrj/export/gyro2ptfmPrj/gyro2ptfmPrj.xpfm standalone_domain C:/fromCharles/gyro_tester_gold/vitis/gyro2appPrj_system/Debug/system.bif
sdcard_gen --xpfm C:/fromCharles/gyro_tester_gold/vitis/gyro2ptfmPrj/export/gyro2ptfmPrj/gyro2ptfmPrj.xpfm --sys_config gyro2ptfmPrj --bif C:/fromCharles/gyro_tester_gold/vitis/gyro2appPrj_system/Debug/system.bif --bitstream C:/fromCharles/gyro_tester_gold/vitis/gyro2appPrj/_ide/bitstream/design_3_wrapper.bit --elf C:/fromCharles/gyro_tester_gold/vitis/gyro2appPrj/Debug/gyro2appPrj.elf,ps7_cortexa9_0
creating BOOT.BIN using C:/fromCharles/gyro_tester_gold/vitis/gyro2appPrj/_ide/bitstream/design_3_wrapper.bit
Error: platform file not found: C:/fromCharles/gyro_tester_gold/vitis/gyro2ptfmPrj/export/gyro2ptfmPrj/sw/gyro2ptfmPrj/boot/fsbl.elf
Running C:/Xilinx/Vitis/2021.2/bin/bootgen  -image C:/fromCharles/gyro_tester_gold/vitis/gyro2appPrj_system/Debug/sd_card_temp/boot.bif -w -o i BOOT.BIN
[ERROR]  : Cannot read file - C:/fromCharles/gyro_tester_gold/vitis/gyro2ptfmPrj/export/gyro2ptfmPrj/sw/gyro2ptfmPrj/boot/fsbl.elf
