#-----------------------------------------------------------
# Vivado v2021.2 (64-bit)
# SW Build 3367213 on Tue Oct 19 02:47:39 MDT 2021
# IP Build 3369179 on Thu Oct 21 08:25:16 MDT 2021
# Start of session at: Sat Apr  2 07:09:09 2022
# Process ID: 1718
# Current directory: /home/cdickins/reuse/gyro_tester_gold-master/gyro_tester_gold
# Command line: vivado
# Log file: /home/cdickins/reuse/gyro_tester_gold-master/gyro_tester_gold/vivado.log
# Journal file: /home/cdickins/reuse/gyro_tester_gold-master/gyro_tester_gold/vivado.jou
# Running On: xsjcdickins40x, OS: Linux, CPU Frequency: 2600.248 MHz, CPU Physical cores: 8, Host memory: 33556 MB
#-----------------------------------------------------------
start_gui
open_project /home/cdickins/reuse/gyro_tester_gold-master/gyro_tester_gold/gyro_tester_gold/gyro_tester_gold.xpr
update_compile_order -fileset sources_1
open_bd_design {/home/cdickins/reuse/gyro_tester_gold-master/gyro_tester_gold/gyro_tester_gold/gyro_tester_gold.srcs/sources_1/bd/design_2/design_2.bd}
report_ip_status -name ip_status 
history
set_property board_part em.avnet.com:zed:part0:1.4 [current_project]
report_ip_status -name ip_status 
reset_run synth_2
launch_runs synth_2 -cluster_configuration lsf
wait_on_run synth_2
launch_runs impl_4 -cluster_configuration lsf
wait_on_run impl_4
launch_runs impl_4 -to_step write_bitstream -jobs 4 -cluster_configuration lsf
wait_on_run impl_4
launch_simulation
source design_2_wrapper.tcl
close_sim
close_project
