#-----------------------------------------------------------
# Vivado v2021.2 (64-bit)
# SW Build 3367213 on Tue Oct 19 02:47:39 MDT 2021
# IP Build 3369179 on Thu Oct 21 08:25:16 MDT 2021
# Start of session at: Mon Apr  4 18:47:41 2022
# Process ID: 26876
# Current directory: /home/cdickins/reuse/gyro_tester_gold-master/gyro_tester_gold/gyro_tester_gold/gyro_tester_gold.runs/design_2_SPI_ip_0_0_synth_1
# Command line: vivado -log design_2_SPI_ip_0_0.vds -product Vivado -mode batch -messageDb vivado.pb -notrace -source design_2_SPI_ip_0_0.tcl
# Log file: /home/cdickins/reuse/gyro_tester_gold-master/gyro_tester_gold/gyro_tester_gold/gyro_tester_gold.runs/design_2_SPI_ip_0_0_synth_1/design_2_SPI_ip_0_0.vds
# Journal file: /home/cdickins/reuse/gyro_tester_gold-master/gyro_tester_gold/gyro_tester_gold/gyro_tester_gold.runs/design_2_SPI_ip_0_0_synth_1/vivado.jou
# Running On: xsjlc170313, OS: Linux, CPU Frequency: 2499.841 MHz, CPU Physical cores: 12, Host memory: 67287 MB
#-----------------------------------------------------------
source design_2_SPI_ip_0_0.tcl -notrace
